
> pcf-project@1.0.0 build
> pcf-scripts build

[5:20:48 PM] [build] Initializing...
[5:20:48 PM] [build] Validating manifest...
[5:20:48 PM] [build] Validating control...
[5:20:49 PM] [build] Generating manifest types...
[5:20:49 PM] [build] Generating design types...
[5:20:49 PM] [build] Running ESLint...
[5:20:49 PM] [build] Compiling and bundling control...
[Webpack stats]:
asset [1m[32mbundle.js[39m[22m 421 KiB [1m[32m[emitted][39m[22m (name: main)
orphan modules 1.35 MiB [1m[33m[orphan][39m[22m 1681 modules
runtime modules 937 bytes 4 modules
built modules 372 KiB [1m[33m[built][39m[22m
  modules by path [1m./node_modules/lucide-react/dist/esm/[39m[22m 19 KiB
    modules by path [1m./node_modules/lucide-react/dist/esm/icons/*.js[39m[22m 8.86 KiB 16 modules
    modules by path [1m./node_modules/lucide-react/dist/esm/shared/src/utils/*.js[39m[22m 1.88 KiB 5 modules
    modules by path [1m./node_modules/lucide-react/dist/esm/*.js[39m[22m 8.24 KiB
      [1m./node_modules/lucide-react/dist/esm/createLucideIcon.js[39m[22m 2.79 KiB [1m[33m[built][39m[22m [1m[33m[code generated][39m[22m
      + 3 modules
  modules by path [1m./FinmeeDashboard/[39m[22m 353 KiB
    modules by path [1m./FinmeeDashboard/*.tsx[39m[22m 45.9 KiB 6 modules
    modules by path [1m./FinmeeDashboard/*.ts[39m[22m 307 KiB
      [1m./FinmeeDashboard/index.ts[39m[22m 3.91 KiB [1m[33m[built][39m[22m [1m[33m[code generated][39m[22m
      [1m./FinmeeDashboard/images.ts[39m[22m 303 KiB [1m[33m[built][39m[22m [1m[33m[code generated][39m[22m
  [1mexternal "Reactv16"[39m[22m 42 bytes [1m[33m[built][39m[22m [1m[33m[code generated][39m[22m
webpack 5.106.2 compiled [1m[32msuccessfully[39m[22m in 9466 ms
[5:20:59 PM] [build] Generating build outputs...
[5:20:59 PM] [build] Succeeded
